warning: unused import: `BenchmarkId`
 --> click-tracker/benches/aggregate_module.rs:1:72
  |
1 | use criterion::{black_box, criterion_group, criterion_main, Criterion, BenchmarkId};
  |                                                                        ^^^^^^^^^^^
  |
  = note: `#[warn(unused_imports)]` on by default

warning: use of deprecated function `criterion::black_box`: use `std::hint::black_box()` instead
 --> click-tracker/benches/aggregate_module.rs:1:17
  |
1 | use criterion::{black_box, criterion_group, criterion_main, Criterion, BenchmarkId};
  |                 ^^^^^^^^^
  |
  = note: `#[warn(deprecated)]` on by default

warning: use of deprecated function `criterion::black_box`: use `std::hint::black_box()` instead
   --> click-tracker/benches/aggregate_module.rs:149:17
    |
149 |                 black_box(&hit_id),
    |                 ^^^^^^^^^

warning: use of deprecated function `criterion::black_box`: use `std::hint::black_box()` instead
   --> click-tracker/benches/aggregate_module.rs:150:17
    |
150 |                 black_box(&route),
    |                 ^^^^^^^^^

warning: use of deprecated function `criterion::black_box`: use `std::hint::black_box()` instead
   --> click-tracker/benches/aggregate_module.rs:151:17
    |
151 |                 black_box(&country),
    |                 ^^^^^^^^^

warning: use of deprecated function `criterion::black_box`: use `std::hint::black_box()` instead
   --> click-tracker/benches/aggregate_module.rs:152:17
    |
152 |                 black_box(&user_agent),
    |                 ^^^^^^^^^

warning: use of deprecated function `criterion::black_box`: use `std::hint::black_box()` instead
   --> click-tracker/benches/aggregate_module.rs:153:17
    |
153 |                 black_box(&os),
    |                 ^^^^^^^^^

warning: use of deprecated function `criterion::black_box`: use `std::hint::black_box()` instead
   --> click-tracker/benches/aggregate_module.rs:154:17
    |
154 |                 black_box(&device),
    |                 ^^^^^^^^^

warning: use of deprecated function `criterion::black_box`: use `std::hint::black_box()` instead
   --> click-tracker/benches/aggregate_module.rs:166:17
    |
166 |                 black_box(&hit_id),
    |                 ^^^^^^^^^

warning: use of deprecated function `criterion::black_box`: use `std::hint::black_box()` instead
   --> click-tracker/benches/aggregate_module.rs:167:17
    |
167 |                 black_box(&route),
    |                 ^^^^^^^^^

warning: use of deprecated function `criterion::black_box`: use `std::hint::black_box()` instead
   --> click-tracker/benches/aggregate_module.rs:168:17
    |
168 |                 black_box(&country),
    |                 ^^^^^^^^^

warning: use of deprecated function `criterion::black_box`: use `std::hint::black_box()` instead
   --> click-tracker/benches/aggregate_module.rs:169:17
    |
169 |                 black_box(user_agent),
    |                 ^^^^^^^^^

warning: use of deprecated function `criterion::black_box`: use `std::hint::black_box()` instead
   --> click-tracker/benches/aggregate_module.rs:170:17
    |
170 |                 black_box(os),
    |                 ^^^^^^^^^

warning: use of deprecated function `criterion::black_box`: use `std::hint::black_box()` instead
   --> click-tracker/benches/aggregate_module.rs:171:17
    |
171 |                 black_box(device),
    |                 ^^^^^^^^^

warning: use of deprecated function `criterion::black_box`: use `std::hint::black_box()` instead
   --> click-tracker/benches/aggregate_module.rs:184:17
    |
184 |                 black_box(&hit_id),
    |                 ^^^^^^^^^

warning: use of deprecated function `criterion::black_box`: use `std::hint::black_box()` instead
   --> click-tracker/benches/aggregate_module.rs:185:17
    |
185 |                 black_box(&route),
    |                 ^^^^^^^^^

warning: use of deprecated function `criterion::black_box`: use `std::hint::black_box()` instead
   --> click-tracker/benches/aggregate_module.rs:186:17
    |
186 |                 black_box(&country),
    |                 ^^^^^^^^^

warning: use of deprecated function `criterion::black_box`: use `std::hint::black_box()` instead
   --> click-tracker/benches/aggregate_module.rs:187:17
    |
187 |                 black_box(&user_agent),
    |                 ^^^^^^^^^

warning: use of deprecated function `criterion::black_box`: use `std::hint::black_box()` instead
   --> click-tracker/benches/aggregate_module.rs:188:17
    |
188 |                 black_box(&os),
    |                 ^^^^^^^^^

warning: use of deprecated function `criterion::black_box`: use `std::hint::black_box()` instead
   --> click-tracker/benches/aggregate_module.rs:189:17
    |
189 |                 black_box(&device),
    |                 ^^^^^^^^^

warning: use of deprecated function `criterion::black_box`: use `std::hint::black_box()` instead
   --> click-tracker/benches/aggregate_module.rs:198:17
    |
198 |                 black_box(&hit_id),
    |                 ^^^^^^^^^

warning: use of deprecated function `criterion::black_box`: use `std::hint::black_box()` instead
   --> click-tracker/benches/aggregate_module.rs:199:17
    |
199 |                 black_box(&route),
    |                 ^^^^^^^^^

warning: use of deprecated function `criterion::black_box`: use `std::hint::black_box()` instead
   --> click-tracker/benches/aggregate_module.rs:200:17
    |
200 |                 black_box(&country),
    |                 ^^^^^^^^^

warning: use of deprecated function `criterion::black_box`: use `std::hint::black_box()` instead
   --> click-tracker/benches/aggregate_module.rs:201:17
    |
201 |                 black_box(user_agent),
    |                 ^^^^^^^^^

warning: use of deprecated function `criterion::black_box`: use `std::hint::black_box()` instead
   --> click-tracker/benches/aggregate_module.rs:202:17
    |
202 |                 black_box(os),
    |                 ^^^^^^^^^

warning: use of deprecated function `criterion::black_box`: use `std::hint::black_box()` instead
   --> click-tracker/benches/aggregate_module.rs:203:17
    |
203 |                 black_box(device),
    |                 ^^^^^^^^^

warning: use of deprecated function `criterion::black_box`: use `std::hint::black_box()` instead
   --> click-tracker/benches/aggregate_module.rs:219:17
    |
219 |                 black_box(&hit_id),
    |                 ^^^^^^^^^

warning: use of deprecated function `criterion::black_box`: use `std::hint::black_box()` instead
   --> click-tracker/benches/aggregate_module.rs:220:17
    |
220 |                 black_box(&route),
    |                 ^^^^^^^^^

warning: use of deprecated function `criterion::black_box`: use `std::hint::black_box()` instead
   --> click-tracker/benches/aggregate_module.rs:221:17
    |
221 |                 black_box(&country),
    |                 ^^^^^^^^^

warning: use of deprecated function `criterion::black_box`: use `std::hint::black_box()` instead
   --> click-tracker/benches/aggregate_module.rs:222:17
    |
222 |                 black_box(&user_agent),
    |                 ^^^^^^^^^

warning: use of deprecated function `criterion::black_box`: use `std::hint::black_box()` instead
   --> click-tracker/benches/aggregate_module.rs:223:17
    |
223 |                 black_box(&os),
    |                 ^^^^^^^^^

warning: use of deprecated function `criterion::black_box`: use `std::hint::black_box()` instead
   --> click-tracker/benches/aggregate_module.rs:224:17
    |
224 |                 black_box(&device),
    |                 ^^^^^^^^^

warning: use of deprecated function `criterion::black_box`: use `std::hint::black_box()` instead
   --> click-tracker/benches/aggregate_module.rs:233:17
    |
233 |                 black_box(&hit_id),
    |                 ^^^^^^^^^

warning: use of deprecated function `criterion::black_box`: use `std::hint::black_box()` instead
   --> click-tracker/benches/aggregate_module.rs:234:17
    |
234 |                 black_box(&route),
    |                 ^^^^^^^^^

warning: use of deprecated function `criterion::black_box`: use `std::hint::black_box()` instead
   --> click-tracker/benches/aggregate_module.rs:235:17
    |
235 |                 black_box(&country),
    |                 ^^^^^^^^^

warning: use of deprecated function `criterion::black_box`: use `std::hint::black_box()` instead
   --> click-tracker/benches/aggregate_module.rs:236:17
    |
236 |                 black_box(user_agent),
    |                 ^^^^^^^^^

warning: use of deprecated function `criterion::black_box`: use `std::hint::black_box()` instead
   --> click-tracker/benches/aggregate_module.rs:237:17
    |
237 |                 black_box(os),
    |                 ^^^^^^^^^

warning: use of deprecated function `criterion::black_box`: use `std::hint::black_box()` instead
   --> click-tracker/benches/aggregate_module.rs:238:17
    |
238 |                 black_box(device),
    |                 ^^^^^^^^^

warning: use of deprecated function `criterion::black_box`: use `std::hint::black_box()` instead
   --> click-tracker/benches/aggregate_module.rs:255:17
    |
255 |                 black_box(&hit_id),
    |                 ^^^^^^^^^

warning: use of deprecated function `criterion::black_box`: use `std::hint::black_box()` instead
   --> click-tracker/benches/aggregate_module.rs:256:17
    |
256 |                 black_box(&None),
    |                 ^^^^^^^^^

warning: use of deprecated function `criterion::black_box`: use `std::hint::black_box()` instead
   --> click-tracker/benches/aggregate_module.rs:257:17
    |
257 |                 black_box(&None),
    |                 ^^^^^^^^^

warning: use of deprecated function `criterion::black_box`: use `std::hint::black_box()` instead
   --> click-tracker/benches/aggregate_module.rs:258:17
    |
258 |                 black_box(&None),
    |                 ^^^^^^^^^

warning: use of deprecated function `criterion::black_box`: use `std::hint::black_box()` instead
   --> click-tracker/benches/aggregate_module.rs:259:17
    |
259 |                 black_box(&None),
    |                 ^^^^^^^^^

warning: use of deprecated function `criterion::black_box`: use `std::hint::black_box()` instead
   --> click-tracker/benches/aggregate_module.rs:260:17
    |
260 |                 black_box(&None),
    |                 ^^^^^^^^^

warning: use of deprecated function `criterion::black_box`: use `std::hint::black_box()` instead
   --> click-tracker/benches/aggregate_module.rs:269:17
    |
269 |                 black_box(&hit_id),
    |                 ^^^^^^^^^

warning: use of deprecated function `criterion::black_box`: use `std::hint::black_box()` instead
   --> click-tracker/benches/aggregate_module.rs:270:17
    |
270 |                 black_box(&None),
    |                 ^^^^^^^^^

warning: use of deprecated function `criterion::black_box`: use `std::hint::black_box()` instead
   --> click-tracker/benches/aggregate_module.rs:271:17
    |
271 |                 black_box(&None),
    |                 ^^^^^^^^^

warning: use of deprecated function `criterion::black_box`: use `std::hint::black_box()` instead
   --> click-tracker/benches/aggregate_module.rs:272:17
    |
272 |                 black_box(None),
    |                 ^^^^^^^^^

warning: use of deprecated function `criterion::black_box`: use `std::hint::black_box()` instead
   --> click-tracker/benches/aggregate_module.rs:273:17
    |
273 |                 black_box(None),
    |                 ^^^^^^^^^

warning: use of deprecated function `criterion::black_box`: use `std::hint::black_box()` instead
   --> click-tracker/benches/aggregate_module.rs:274:17
    |
274 |                 black_box(None),
    |                 ^^^^^^^^^

warning: use of deprecated function `criterion::black_box`: use `std::hint::black_box()` instead
   --> click-tracker/benches/aggregate_module.rs:285:17
    |
285 |                 black_box(&hit_id),
    |                 ^^^^^^^^^

warning: use of deprecated function `criterion::black_box`: use `std::hint::black_box()` instead
   --> click-tracker/benches/aggregate_module.rs:286:17
    |
286 |                 black_box(&route),
    |                 ^^^^^^^^^

warning: use of deprecated function `criterion::black_box`: use `std::hint::black_box()` instead
   --> click-tracker/benches/aggregate_module.rs:287:17
    |
287 |                 black_box(&country),
    |                 ^^^^^^^^^

warning: use of deprecated function `criterion::black_box`: use `std::hint::black_box()` instead
   --> click-tracker/benches/aggregate_module.rs:288:17
    |
288 |                 black_box(&user_agent),
    |                 ^^^^^^^^^

warning: use of deprecated function `criterion::black_box`: use `std::hint::black_box()` instead
   --> click-tracker/benches/aggregate_module.rs:289:17
    |
289 |                 black_box(&os),
    |                 ^^^^^^^^^

warning: use of deprecated function `criterion::black_box`: use `std::hint::black_box()` instead
   --> click-tracker/benches/aggregate_module.rs:290:17
    |
290 |                 black_box(&device),
    |                 ^^^^^^^^^

warning: use of deprecated function `criterion::black_box`: use `std::hint::black_box()` instead
   --> click-tracker/benches/aggregate_module.rs:299:17
    |
299 |                 black_box(&hit_id),
    |                 ^^^^^^^^^

warning: use of deprecated function `criterion::black_box`: use `std::hint::black_box()` instead
   --> click-tracker/benches/aggregate_module.rs:300:17
    |
300 |                 black_box(&route),
    |                 ^^^^^^^^^

warning: use of deprecated function `criterion::black_box`: use `std::hint::black_box()` instead
   --> click-tracker/benches/aggregate_module.rs:301:17
    |
301 |                 black_box(&country),
    |                 ^^^^^^^^^

warning: use of deprecated function `criterion::black_box`: use `std::hint::black_box()` instead
   --> click-tracker/benches/aggregate_module.rs:302:17
    |
302 |                 black_box(user_agent),
    |                 ^^^^^^^^^

warning: use of deprecated function `criterion::black_box`: use `std::hint::black_box()` instead
   --> click-tracker/benches/aggregate_module.rs:303:17
    |
303 |                 black_box(os),
    |                 ^^^^^^^^^

warning: use of deprecated function `criterion::black_box`: use `std::hint::black_box()` instead
   --> click-tracker/benches/aggregate_module.rs:304:17
    |
304 |                 black_box(device),
    |                 ^^^^^^^^^

warning: `click-tracker` (bench "aggregate_module") generated 62 warnings (run `cargo fix --bench "aggregate_module"` to apply 1 suggestion)
    Finished `bench` profile [optimized] target(s) in 0.18s
     Running benches/aggregate_module.rs (/home/max/dev/shortas/redirect/target/release/deps/aggregate_module-66e9a24542b396bf)
Gnuplot not found, using plotters backend
Benchmarking aggregate_with_cloning
Benchmarking aggregate_with_cloning: Warming up for 3.0000 s
Benchmarking aggregate_with_cloning: Collecting 100 samples in estimated 5.0004 s (20M iterations)
Benchmarking aggregate_with_cloning: Analyzing
aggregate_with_cloning  time:   [248.72 ns 250.29 ns 252.16 ns]
                        change: [−1.9413% −0.9355% +0.0246%] (p = 0.07 > 0.05)
                        No change in performance detected.
Found 9 outliers among 100 measurements (9.00%)
  4 (4.00%) high mild
  5 (5.00%) high severe

Benchmarking aggregate_optimized
Benchmarking aggregate_optimized: Warming up for 3.0000 s
Benchmarking aggregate_optimized: Collecting 100 samples in estimated 5.0001 s (12M iterations)
Benchmarking aggregate_optimized: Analyzing
aggregate_optimized     time:   [423.68 ns 425.08 ns 427.81 ns]
                        change: [−18.762% −18.339% −17.965%] (p = 0.00 < 0.05)
                        Performance has improved.
Found 6 outliers among 100 measurements (6.00%)
  3 (3.00%) high mild
  3 (3.00%) high severe

Benchmarking aggregate_comparison/with_cloning
Benchmarking aggregate_comparison/with_cloning: Warming up for 3.0000 s
Benchmarking aggregate_comparison/with_cloning: Collecting 100 samples in estimated 5.0015 s (16M iterations)
Benchmarking aggregate_comparison/with_cloning: Analyzing
aggregate_comparison/with_cloning
                        time:   [320.81 ns 321.36 ns 321.91 ns]
                        change: [−7.0378% −6.8026% −6.5560%] (p = 0.00 < 0.05)
                        Performance has improved.
Found 10 outliers among 100 measurements (10.00%)
  3 (3.00%) low mild
  4 (4.00%) high mild
  3 (3.00%) high severe
Benchmarking aggregate_comparison/optimized
Benchmarking aggregate_comparison/optimized: Warming up for 3.0000 s
Benchmarking aggregate_comparison/optimized: Collecting 100 samples in estimated 5.0009 s (10M iterations)
Benchmarking aggregate_comparison/optimized: Analyzing
aggregate_comparison/optimized
                        time:   [486.34 ns 486.65 ns 487.00 ns]
                        change: [−1.1556% −0.7370% −0.3468%] (p = 0.00 < 0.05)
                        Change within noise threshold.
Found 6 outliers among 100 measurements (6.00%)
  5 (5.00%) high mild
  1 (1.00%) high severe

Benchmarking aggregate_throughput/with_cloning_throughput
Benchmarking aggregate_throughput/with_cloning_throughput: Warming up for 3.0000 s
Benchmarking aggregate_throughput/with_cloning_throughput: Collecting 100 samples in estimated 5.0004 s (8.4M iterations)
Benchmarking aggregate_throughput/with_cloning_throughput: Analyzing
aggregate_throughput/with_cloning_throughput
                        time:   [592.38 ns 592.96 ns 593.64 ns]
                        thrpt:  [1.6845 Melem/s 1.6865 Melem/s 1.6881 Melem/s]
                 change:
                        time:   [−1.4023% −0.5740% +0.1181%] (p = 0.15 > 0.05)
                        thrpt:  [−0.1179% +0.5773% +1.4223%]
                        No change in performance detected.
Found 9 outliers among 100 measurements (9.00%)
  1 (1.00%) low severe
  1 (1.00%) low mild
  3 (3.00%) high mild
  4 (4.00%) high severe
Benchmarking aggregate_throughput/optimized_throughput
Benchmarking aggregate_throughput/optimized_throughput: Warming up for 3.0000 s
Benchmarking aggregate_throughput/optimized_throughput: Collecting 100 samples in estimated 5.0011 s (9.9M iterations)
Benchmarking aggregate_throughput/optimized_throughput: Analyzing
aggregate_throughput/optimized_throughput
                        time:   [504.71 ns 505.72 ns 507.07 ns]
                        thrpt:  [1.9721 Melem/s 1.9774 Melem/s 1.9813 Melem/s]
                 change:
                        time:   [−2.9619% −2.4816% −2.0928%] (p = 0.00 < 0.05)
                        thrpt:  [+2.1375% +2.5447% +3.0523%]
                        Performance has improved.
Found 11 outliers among 100 measurements (11.00%)
  4 (4.00%) high mild
  7 (7.00%) high severe

Benchmarking aggregate_scaling/minimal_data_cloning
Benchmarking aggregate_scaling/minimal_data_cloning: Warming up for 3.0000 s
Benchmarking aggregate_scaling/minimal_data_cloning: Collecting 100 samples in estimated 5.0001 s (71M iterations)
Benchmarking aggregate_scaling/minimal_data_cloning: Analyzing
aggregate_scaling/minimal_data_cloning
                        time:   [64.277 ns 64.375 ns 64.497 ns]
                        change: [−0.3111% +0.6170% +1.9764%] (p = 0.37 > 0.05)
                        No change in performance detected.
Found 13 outliers among 100 measurements (13.00%)
  4 (4.00%) high mild
  9 (9.00%) high severe
Benchmarking aggregate_scaling/minimal_data_optimized
Benchmarking aggregate_scaling/minimal_data_optimized: Warming up for 3.0000 s
Benchmarking aggregate_scaling/minimal_data_optimized: Collecting 100 samples in estimated 5.0001 s (68M iterations)
Benchmarking aggregate_scaling/minimal_data_optimized: Analyzing
aggregate_scaling/minimal_data_optimized
                        time:   [70.477 ns 70.623 ns 70.790 ns]
                        change: [−6.0144% −3.4381% −1.2324%] (p = 0.00 < 0.05)
                        Performance has improved.
Found 11 outliers among 100 measurements (11.00%)
  6 (6.00%) high mild
  5 (5.00%) high severe
Benchmarking aggregate_scaling/full_data_cloning
Benchmarking aggregate_scaling/full_data_cloning: Warming up for 3.0000 s
Benchmarking aggregate_scaling/full_data_cloning: Collecting 100 samples in estimated 5.0005 s (14M iterations)
Benchmarking aggregate_scaling/full_data_cloning: Analyzing
aggregate_scaling/full_data_cloning
                        time:   [343.40 ns 344.13 ns 345.06 ns]
                        change: [+0.1302% +0.6346% +1.3096%] (p = 0.02 < 0.05)
                        Change within noise threshold.
Found 11 outliers among 100 measurements (11.00%)
  5 (5.00%) high mild
  6 (6.00%) high severe
Benchmarking aggregate_scaling/full_data_optimized
Benchmarking aggregate_scaling/full_data_optimized: Warming up for 3.0000 s
Benchmarking aggregate_scaling/full_data_optimized: Collecting 100 samples in estimated 5.0024 s (10M iterations)
Benchmarking aggregate_scaling/full_data_optimized: Analyzing
aggregate_scaling/full_data_optimized
                        time:   [488.79 ns 491.12 ns 493.96 ns]
                        change: [−6.4337% −5.9532% −5.5384%] (p = 0.00 < 0.05)
                        Performance has improved.
Found 16 outliers among 100 measurements (16.00%)
  1 (1.00%) low mild
  7 (7.00%) high mild
  8 (8.00%) high severe

